// Jest Snapshot v1, https://goo.gl/fbAQLP

exports[`BalanceContainer renders component correctly 1`] = `<div />`;
